{
  "Label": null,
  "Path": null,
  "Data": {
    "editOffice": {
      "office": {
        "id": 1,
        "name": "office",
        "floor": 17,
        "address": {
          "street": "Some street 17",
          "city": "city 17",
          "streetNumber": "Beautiful street 17"
        }
      }
    }
  },
  "Errors": null,
  "Extensions": null,
  "ContextData": null,
  "HasNext": null
}
